Error type A at Line 4: token recognition error at: '~'
