Error type B at Line 5: mismatched input ',' expecting ']'
Error type B at Line 6: mismatched input 'else' expecting ';'
