Error type A at Line 4: Illegal block comment! Did you miss the '*' or '*/'?
