Error type A at Line 3: Illegal octal numbers!
Error type A at Line 4: Illegal hex numbers!
Error type A at Line 5: Illegal decimal numbers!
