Error type A at Line 3: Illegal block comment! Did you miss the '*' or '*/'?
