Error type A at Line 2: Illegal floating-point numbers!
Error type A at Line 3: Illegal floating-point numbers!
Error type A at Line 4: Illegal floating-point numbers!
Error type A at Line 5: Illegal decimal numbers!
Error type A at Line 6: Illegal floating-point numbers!
Error type A at Line 7: Illegal decimal numbers!
